// Jest Snapshot v1, https://goo.gl/fbAQLP

exports[`\`Tab\` component should render without crashing 1`] = `
ShallowWrapper {
  "length": 1,
  Symbol(enzyme.__root__): [Circular],
  Symbol(enzyme.__unrendered__): <Tab
    isActive={false}
    onClick={[Function]}
    tabIndex={0}
  />,
  Symbol(enzyme.__renderer__): Object {
    "batchedUpdates": [Function],
    "getNode": [Function],
    "render": [Function],
    "simulateEvent": [Function],
    "unmount": [Function],
  },
  Symbol(enzyme.__node__): Object {
    "instance": null,
    "key": undefined,
    "nodeType": "host",
    "props": Object {
      "children": <a
        className="ui-tabs-anchor"
        onClick={[Function]}
        role="presentation"
      />,
      "className": "ui-state-default ui-corner-top",
    },
    "ref": null,
    "rendered": Object {
      "instance": null,
      "key": undefined,
      "nodeType": "host",
      "props": Object {
        "children": undefined,
        "className": "ui-tabs-anchor",
        "onClick": [Function],
        "role": "presentation",
      },
      "ref": null,
      "rendered": null,
      "type": "a",
    },
    "type": "li",
  },
  Symbol(enzyme.__nodes__): Array [
    Object {
      "instance": null,
      "key": undefined,
      "nodeType": "host",
      "props": Object {
        "children": <a
          className="ui-tabs-anchor"
          onClick={[Function]}
          role="presentation"
        />,
        "className": "ui-state-default ui-corner-top",
      },
      "ref": null,
      "rendered": Object {
        "instance": null,
        "key": undefined,
        "nodeType": "host",
        "props": Object {
          "children": undefined,
          "className": "ui-tabs-anchor",
          "onClick": [Function],
          "role": "presentation",
        },
        "ref": null,
        "rendered": null,
        "type": "a",
      },
      "type": "li",
    },
  ],
  Symbol(enzyme.__options__): Object {
    "adapter": ReactSixteenAdapter {
      "options": Object {
        "enableComponentDidUpdateOnSetState": true,
      },
    },
  },
}
`;
